Strobing_Scratch,[supporting ponies,mares,unicorns],strobeeffectdjpon3,34,302926,1320667863
80's Cheerilee,[supporting ponies,alternate art,mares,earth ponies],80scheerilee,6,93462,1320667863
Aloe,[supporting ponies,mares,earth ponies],aloe,6,40424,1320667863
Angel,[pets],angel,8,14248,1320667863
Apple Bloom,[supporting ponies,fillies,earth ponies],applebloom,12,189417,1320667863
Apple Bumkin,[supporting ponies,mares,earth ponies],applebumkin,8,53808,1320667863
Apple Fritter,[supporting ponies,mares,earth ponies],applefritter,4,52416,1320667863
Applejack,[main ponies,mares,earth ponies],applejack,17,327623,1320667863
Berry Punch (OPPP),[supporting ponies,mares,earth ponies],berrypunchoppp,6,38501,1320667863
Princess Celestia,[supporting ponies,mares,alicorns],bigcelestia,10,891049,1320667863
Big Mac,[supporting ponies,stallions,earth ponies],bigmac,10,137431,1320667863
Blinkie Pie,[supporting ponies,fillies,earth ponies],blinkiepie,7,33958,1320667863
Blues,[supporting ponies,stallions,earth ponies],blues,10,78135,1320667863
Bon-Bon,[supporting ponies,mares,earth ponies],bonbon,10,256598,1320667863
Braeburn,[supporting ponies,stallions,earth ponies],braeburn,6,48134,1320667863
Caesar,[supporting ponies,stallions,earth ponies],caesar,6,48852,1320667863
Candy Mane,[supporting ponies,mares,earth ponies],candymane,6,40209,1320667863
Caramel,[stallions,earth ponies,supporting ponies],caramel,10,264177,1320667863
Carrot Top,[supporting ponies,mares,earth ponies],carrottop,14,159005,1320667863
Cheerilee,[supporting ponies,mares,earth ponies],cheerilee,6,79644,1320667863
Clyde Pie,[stallions,supporting ponies,earth ponies],clydepie,6,47001,1320667863
Colgate,[earth ponies,mares,supporting ponies],colgate,12,76562,1320667863
Daisy,[supporting ponies,mares,earth ponies],daisy,8,50923,1320667863
Derpy Hooves,[pegasi,mares,supporting ponies],derpy,30,419344,1320667863
Diamond Tiara,[supporting ponies,fillies,earth ponies],diamondtiara,8,79256,1320667863
Dinky Hooves,[supporting ponies,fillies,unicorns],dinkyhooves,6,31805,1320667863
Doctor Whooves,[earth ponies,stallions,supporting ponies],doctorwhooves,11,48024,1320667863
Elsie,[supporting ponies,earth ponies,mares],elsie,14,179294,1320667863
Filly AppleJack,[main ponies,fillies,earth ponies],fillyapplejack,8,75278,1320667863
Filly Celestia (Pink),[supporting ponies,fillies,alicorns],fillycelestia,12,68640,1320667863
Filly Fluttershy,[main ponies,fillies,pegasi],fillyfluttershy,14,106108,1320667863
Filly Pinkie Pie,[fillies,earth ponies,main ponies],fillypinkie,12,108680,1320667863
Filly Princess Luna,[supporting ponies,mares,alicorns],fillyprincessluna,12,106621,1320667863
Filly Rainbow Dash,[main ponies,fillies,pegasi],fillyrainbowdash,20,306351,1320667863
Filly Rarity,[main ponies,fillies,unicorns],fillyrarity,18,166181,1320667863
Filly Twilight Sparkle,[main ponies,fillies,unicorns],fillytwilight,8,76396,1320667863
Fluttershy,[main ponies,pegasi,mares],fluttershy,14,191195,1320667863
Gala Fluttershy,[pegasi,main ponies,mares,alternate art],galafluttershy,16,337917,1320667863
Gilda,[supporting ponies,mares,non-ponies],gilda,6,84424,1320667863
Granny Smith,[supporting ponies,mares,earth ponies],grannysmith,8,29418,1320667863
Gummy,[pets],gummy,8,60052,1320667863
Hoity-Toity,[supporting ponies,stallions,earth ponies],hoitytoity,12,262468,1320667863
Horte Cuisine,[supporting ponies,stallions,earth ponies],hortecuisine,6,73127,1320667863
Inky Pie,[fillies,earth ponies,supporting ponies],inkypie,6,30402,1320667863
Lightning Bolt,[supporting ponies,mares,pegasi],lightningbolt,12,398242,1320667863
Little Strongheart,[supporting ponies,mares,non-ponies],littlestrongheart,8,177501,1320667863
Lotus,[supporting ponies,mares,earth ponies],lotus,6,38991,1320667863
Lyra,[supporting ponies,mares,unicorns],lyra,12,274004,1320667863
Mayor Mare,[supporting ponies,mares,earth ponies],mayormare,6,47554,1320667863
Mrs. Sparkle,[supporting ponies,mares,unicorns],mrssparkle,6,43528,1320667863
Nightmare Moon,[supporting ponies,mares,alicorns],nightmaremoon,6,370077,1320667863
Nurse Redheart,[supporting ponies,mares,earth ponies],nurseredheart,6,82309,1320667863
Octavia,[supporting ponies,mares,earth ponies],octavia,7,75169,1320667863
Opalescence,[pets],opalescence,8,39060,1320667863
Parasprite,[pets],parasprite,9,28259,1320667863
Photo Finish,[supporting ponies,mares,earth ponies],photofinish,11,166347,1320667863
Pinkamina,[main ponies,mares,earth ponies,alternate art],pinkaminadianepie,10,123706,1320667863
Gala Pinkie,[main ponies,mares,earth ponies,alternate art],pinkiegala,12,229524,1320667863
Pinkie Pie,[main ponies,mares,earth ponies],pinkiepie,122,3238346,1320667863
Pokey Pierce,[supporting ponies,stallions,unicorns],pokeypierce,6,42462,1320667863
Filly Celestia,[supporting ponies,alicorns,fillies],princesscelestia,12,305415,1320667863
Princess Luna,[supporting ponies,mares,alicorns],princessluna,17,208778,1320667863
Rainbow Dash,[main ponies,mares,pegasi],rainbowdash,28,680382,1320667863
Raindrops,[supporting ponies,mares,pegasi],raindrops,18,549807,1320667863
Rarity,[main ponies,mares,unicorns],rarity,12,119585,1320667863
Roseluck,[supporting ponies,mares,earth ponies],roseluck,6,48935,1320667863
Royal Guard,[stallions,pegasi,supporting ponies],royalguard,9,85964,1320667863
Sapphire Shores,[supporting ponies,mares,earth ponies],sapphireshore,8,238356,1320667863
Scootaloo,[supporting ponies,fillies,pegasi],scootaloo,10,79425,1320667863
Screwball,[supporting ponies,mares,non-ponies],screwball,4,30001,1320667863
Shadowbolt,[supporting ponies,pegasi],shadowbolt,8,173948,1320667863
Sheriff Silverstar,[supporting ponies,stallions,earth ponies],sheriffsilverstar,6,42740,1320667863
Silver Spoon,[supporting ponies,fillies,earth ponies],silverspoon,8,66062,1320667863
Sindy,[supporting ponies,mares,earth ponies],sindy,8,62612,1320667863
Sir Colton Vines,[supporting ponies,stallions,earth ponies],sircoltonvines,8,43071,1320667863
Snails,[supporting ponies,stallions,unicorns],snails,6,34530,1320667863
Snips,[supporting ponies,stallions,unicorns],snips,6,25146,1320667863
Soarin',[supporting ponies,stallions,pegasi],soarin,10,85954,1320667863
Soigne Folio,[supporting ponies,mares,earth ponies],soignefolio,8,93754,1320667863
Spike,[supporting ponies,pets,non-ponies,alternate art],spike,12,49166,1320667863
Spitfire,[supporting ponies,mares,pegasi],spitfire,8,88986,1320667863
Stella,[supporting ponies,mares,earth ponies],stella,8,89590,1320667863
Sue Pie,[supporting ponies,mares,earth ponies],suepie,6,42054,1320667863
Surprise,[mares,pegasi],surprise,16,234171,1320667863
Sweetie Belle,[supporting ponies,fillies,unicorns],sweetiebelle,12,59551,1320667863
Trixie,[supporting ponies,mares,unicorns],trixie,12,333586,1320667863
Capeless Trixie,[supporting ponies,mares,unicorns,alternate art],trixiecapeless,6,125859,1320667863
Twilight Sparkle,[main ponies,mares,unicorns],twilight,16,257951,1320667863
Twist,[fillies,supporting ponies,earth ponies],twist,6,34181,1320667863
Winona,[pets],winona,6,55383,1320667863
Zecora,[mares,supporting ponies,non-ponies],zecora,10,126029,1320667863
fido,[non-ponies],zfido,13,205770,1320667863
Rover,[non-ponies],zrover,14,250765,1320667863
spot,[non-ponies],zspot,8,62391,1320667863