Strobing_Scratch,[Supporting Ponies,Mares,Unicorns],strobeeffectdjpon3,34,302926,1320595781
80's Cheerilee,[supporting ponies,alternate art,mares,earth ponies],80scheerilee,6,93462,1320595781
Aloe,[Supporting Ponies,Mares,Earth Ponies],aloe,6,40424,1320595781
Angel,[pets],angel,8,14248,1320595781
Apple Bloom,[supporting ponies,fillies,earth ponies],applebloom,12,189417,1320595781
Apple Bumkin,[supporting ponies,mares,earth ponies],applebumkin,8,53808,1320595781
Apple Fritter,[Supporting Ponies,Mares,Earth Ponies],applefritter,4,51719,1320595781
Applejack,[main ponies,mares,earth ponies],applejack,17,327623,1320595781
Berry Punch (OPPP),[Supporting Ponies,Mares,Earth Ponies],berrypunchoppp,6,38501,1320595781
Princess Celestia,[supporting ponies,mares,alicorns],bigcelestia,10,891049,1320595781
Big Mac,[Supporting Ponies,Stallions,Earth Ponies],bigmac,10,137431,1320595781
Blinkie Pie,[supporting ponies,fillies,earth ponies],blinkiepie,7,33958,1320595781
Blues,[supporting ponies,stallions,earth ponies],blues,10,78135,1320595781
Bon-Bon,[Supporting Ponies,Mares,Earth Ponies],bonbon,10,256598,1320595781
Braeburn,[Supporting Ponies,Stallions,Earth Ponies],braeburn,6,48134,1320595781
Caesar,[Supporting Ponies,Stallions,Earth Ponies],caesar,6,48852,1320595781
Candy Mane,[Supporting Ponies,Mares,Earth Ponies],candymane,6,40209,1320595781
Caramel,[Stallions,Earth Ponies,Supporting Ponies],caramel,10,264177,1320595781
Carrot Top,[supporting ponies,mares,earth ponies],carrottop,14,159005,1320595781
Cheerilee,[Supporting Ponies,Mares,Earth Ponies],cheerilee,6,79644,1320595781
Clyde Pie,[Stallions,Supporting Ponies,Earth Ponies],clydepie,6,47001,1320595781
Colgate,[earth ponies,mares,supporting ponies],colgate,12,76562,1320595781
Daisy,[supporting ponies,mares,earth ponies],daisy,8,50923,1320595781
Derpy Hooves,[pegasi,mares,supporting ponies],derpy,30,419344,1320595781
Diamond Tiara,[supporting ponies,fillies,earth ponies],diamondtiara,8,79256,1320595781
Dinky Hooves,[supporting ponies,fillies,unicorns],dinkyhooves,6,31805,1320595781
Doctor Whooves,[earth ponies,stallions,supporting ponies],doctorwhooves,11,48024,1320595781
Elsie,[supporting ponies,earth ponies,mares],elsie,14,179294,1320595781
Filly AppleJack,[main ponies,fillies,earth ponies],fillyapplejack,8,75278,1320595781
Filly Celestia (Pink),[supporting ponies,fillies,alicorns],fillycelestia,12,68640,1320595781
Filly Fluttershy,[main ponies,fillies,pegasi],fillyfluttershy,14,106108,1320595781
Filly Pinkie Pie,[fillies,earth ponies,main ponies],fillypinkie,12,108680,1320595781
Filly Princess Luna,[supporting ponies,mares,alicorns],fillyprincessluna,12,106621,1320595781
Filly Rainbow Dash,[main ponies,fillies,pegasi],fillyrainbowdash,20,306351,1320595781
Filly Rarity,[Main Ponies,Fillies,Unicorns],fillyrarity,18,166181,1320595781
Filly Twilight Sparkle,[main ponies,fillies,unicorns],fillytwilight,8,76396,1320595781
Fluttershy,[main ponies,pegasi,mares],fluttershy,14,191195,1320595781
Gala Fluttershy,[pegasi,main ponies,mares,alternate art],galafluttershy,16,337917,1320595781
Gilda,[supporting ponies,mares,non-ponies],gilda,6,84424,1320595781
Granny Smith,[Supporting Ponies,Mares,Earth Ponies],grannysmith,8,29418,1320595781
Gummy,[Pets],gummy,8,60052,1320595781
Hoity-Toity,[supporting ponies,stallions,earth ponies],hoitytoity,12,262468,1320595781
Horte Cuisine,[Supporting Ponies,Stallions,Earth Ponies],hortecuisine,6,73127,1320595781
Inky Pie,[Fillies,Earth Ponies,Supporting Ponies],inkypie,6,30402,1320595781
Lightning Bolt,[supporting ponies,mares,pegasi],lightningbolt,12,398242,1320595781
Little Strongheart,[Supporting Ponies,Mares,Non-Ponies],littlestrongheart,8,177501,1320595781
Lotus,[Supporting Ponies,Mares,Earth Ponies],lotus,6,38991,1320595781
Lyra,[Supporting Ponies,Mares,Unicorns],lyra,12,274004,1320595781
Mayor Mare,[Supporting Ponies,Mares,Earth Ponies],mayormare,6,47554,1320595781
Mrs. Sparkle,[supporting ponies,mares,unicorns],mrssparkle,6,43528,1320595781
Nightmare Moon,[Supporting Ponies,Mares,Alicorns],nightmaremoon,6,370077,1320595781
Nurse Redheart,[supporting ponies,mares,earth ponies],nurseredheart,6,82309,1320595781
Octavia,[Supporting Ponies,Mares,Earth Ponies],octavia,7,75169,1320595781
Opalescence,[pets],opalescence,8,39060,1320595781
Parasprite,[Pets],parasprite,9,30988,1320595781
Photo Finish,[supporting ponies,mares,earth ponies],photofinish,11,166347,1320595781
Pinkamina,[main ponies,mares,earth ponies,alternate art],pinkaminadianepie,10,123706,1320595781
Gala Pinkie,[main ponies,mares,earth ponies,alternate art],pinkiegala,12,229524,1320595781
Pinkie Pie,[main ponies,mares,earth ponies],pinkiepie,122,3238346,1320595781
Pokey Pierce,[Supporting Ponies,Stallions,Unicorns],pokeypierce,6,42462,1320595781
Filly Celestia,[Supporting Ponies,Alicorns,Fillies],princesscelestia,12,305415,1320595781
Princess Luna,[supporting ponies,mares,alicorns],princessluna,17,208778,1320595781
Rainbow Dash,[main ponies,mares,pegasi],rainbowdash,28,680382,1320595781
Raindrops,[supporting ponies,mares,pegasi],raindrops,18,549807,1320595781
Random Pony,[],randompony,3,25128,1320595781
Rarity,[main ponies,mares,unicorns],rarity,12,119585,1320595781
Roseluck,[Supporting Ponies,Mares,Earth Ponies],roseluck,6,48935,1320595781
Royal Guard,[Stallions,Pegasi,Supporting Ponies],royalguard,9,85964,1320595781
Sapphire Shores,[supporting ponies,mares,earth ponies],sapphireshore,8,238356,1320595781
Scootaloo,[Supporting Ponies,Fillies,Pegasi],scootaloo,10,79425,1320595781
Screwball,[Supporting Ponies,Mares,Non-Ponies],screwball,4,30089,1320595781
Shadowbolt,[Supporting Ponies,Pegasi],shadowbolt,8,173948,1320595781
Sheriff Silverstar,[Supporting Ponies,Stallions,Earth Ponies],sheriffsilverstar,6,42740,1320595781
Silver Spoon,[supporting ponies,fillies,earth ponies],silverspoon,8,66062,1320595781
Sindy,[Supporting Ponies,Mares,Earth Ponies],sindy,8,62631,1320595781
Sir Colton Vines,[Supporting Ponies,Stallions,Earth Ponies],sircoltonvines,8,43071,1320595781
Snails,[Supporting Ponies,Stallions,Unicorns],snails,6,34530,1320595781
Snips,[Supporting Ponies,Stallions,Unicorns],snips,6,25146,1320595781
Soarin',[Supporting Ponies,Stallions,Pegasi],soarin,10,85954,1320595781
Soigne Folio,[supporting ponies,mares,earth ponies],soignefolio,8,93754,1320595781
Spike,[supporting ponies,pets,non-ponies,alternate art],spike,12,49166,1320595781
Spitfire,[Supporting Ponies,Mares,Pegasi],spitfire,8,88986,1320595781
Stella,[supporting ponies,mares,earth ponies],stella,8,89590,1320595781
Sue Pie,[Supporting Ponies,Mares,Earth Ponies],suepie,6,42054,1320595781
Surprise,[mares,pegasi],surprise,16,234171,1320595781
Sweetie Belle,[Supporting Ponies,Fillies,Unicorns],sweetiebelle,12,59551,1320595781
Trixie,[Supporting Ponies,Mares,Unicorns],trixie,12,333586,1320595781
Capeless Trixie,[Supporting Ponies,Mares,Unicorns,Alternate Art],trixiecapeless,6,125859,1320595781
Twilight Sparkle,[main ponies,mares,unicorns],twilight,16,257951,1320595781
Twist,[fillies,supporting ponies,earth ponies],twist,6,34181,1320595781
Winona,[pets],winona,6,55383,1320595781
Zecora,[mares,supporting ponies,non-ponies],zecora,10,126029,1320595781
fido,[non-ponies],zfido,13,205770,1320595781
Rover,[non-ponies],zrover,14,250765,1320595781
spot,[non-ponies],zspot,8,62394,1320595781