Strobing_Scratch,[Supporting Ponies,Mares,Unicorns],strobeeffectdjpon3,33,292741,1320594512
80's Cheerilee,[supporting ponies,alternate art,mares,earth ponies],80scheerilee,5,76862,1320594512
Aloe,[Supporting Ponies,Mares,Earth Ponies],aloe,5,38982,1320594512
Angel,[pets],angel,7,13298,1320594512
Apple Bloom,[supporting ponies,fillies,earth ponies],applebloom,11,177477,1320594512
Apple Bumkin,[supporting ponies,mares,earth ponies],applebumkin,7,50654,1320594512
Apple Fritter,[Supporting Ponies,Mares,Earth Ponies],applefritter,3,34841,1320594512
Applejack,[main ponies,mares,earth ponies],applejack,16,314220,1320594512
Berry Punch (OPPP),[Supporting Ponies,Mares,Earth Ponies],berrypunchoppp,5,37253,1320594512
Princess Celestia,[supporting ponies,mares,alicorns],bigcelestia,9,843959,1320594512
Big Mac,[Supporting Ponies,Stallions,Earth Ponies],bigmac,9,116045,1320594512
Blinkie Pie,[supporting ponies,fillies,earth ponies],blinkiepie,6,32525,1320594512
Blues,[supporting ponies,stallions,earth ponies],blues,9,76708,1320594512
Bon-Bon,[Supporting Ponies,Mares,Earth Ponies],bonbon,9,210373,1320594512
Braeburn,[Supporting Ponies,Stallions,Earth Ponies],braeburn,5,46267,1320594512
Caesar,[Supporting Ponies,Stallions,Earth Ponies],caesar,5,46831,1320594512
Candy Mane,[Supporting Ponies,Mares,Earth Ponies],candymane,5,38245,1320594512
Caramel,[Stallions,Earth Ponies,Supporting Ponies],caramel,9,241340,1320594512
Carrot Top,[supporting ponies,mares,earth ponies],carrottop,13,148457,1320594512
Cheerilee,[Supporting Ponies,Mares,Earth Ponies],cheerilee,5,65464,1320594512
Clyde Pie,[Stallions,Supporting Ponies,Earth Ponies],clydepie,5,44059,1320594512
Colgate,[earth ponies,mares,supporting ponies],colgate,11,70930,1320594512
Daisy,[supporting ponies,mares,earth ponies],daisy,7,49211,1320594512
Derpy Hooves,[pegasi,mares,supporting ponies],derpy,29,412804,1320594512
Diamond Tiara,[supporting ponies,fillies,earth ponies],diamondtiara,7,73023,1320594512
Dinky Hooves,[supporting ponies,fillies,unicorns],dinkyhooves,5,30805,1320594512
Doctor Whooves,[earth ponies,stallions,supporting ponies],doctorwhooves,10,46571,1320594512
Elsie,[supporting ponies,earth ponies,mares],elsie,13,177485,1320594512
Filly AppleJack,[main ponies,fillies,earth ponies],fillyapplejack,7,70628,1320594512
Filly Celestia (Pink),[supporting ponies,fillies,alicorns],fillycelestia,11,66891,1320594512
Filly Fluttershy,[main ponies,fillies,pegasi],fillyfluttershy,13,103863,1320594512
Filly Pinkie Pie,[fillies,earth ponies,main ponies],fillypinkie,11,106274,1320594512
Filly Princess Luna,[supporting ponies,mares,alicorns],fillyprincessluna,11,99523,1320594512
Filly Rainbow Dash,[main ponies,fillies,pegasi],fillyrainbowdash,19,294310,1320594512
Filly Rarity,[Main Ponies,Fillies,Unicorns],fillyrarity,17,154607,1320594512
Filly Twilight Sparkle,[main ponies,fillies,unicorns],fillytwilight,7,69233,1320594512
Fluttershy,[main ponies,pegasi,mares],fluttershy,13,176054,1320594512
Gala Fluttershy,[pegasi,main ponies,mares,alternate art],galafluttershy,15,326048,1320594512
Gilda,[supporting ponies,mares,non-ponies],gilda,5,72339,1320594512
Granny Smith,[Supporting Ponies,Mares,Earth Ponies],grannysmith,7,27917,1320594512
Gummy,[Pets],gummy,7,53880,1320594512
Hoity-Toity,[supporting ponies,stallions,earth ponies],hoitytoity,11,232497,1320594512
Horte Cuisine,[Supporting Ponies,Stallions,Earth Ponies],hortecuisine,5,60537,1320594512
Inky Pie,[Fillies,Earth Ponies,Supporting Ponies],inkypie,5,28754,1320594512
Lightning Bolt,[supporting ponies,mares,pegasi],lightningbolt,11,363555,1320594512
Little Strongheart,[Supporting Ponies,Mares,Non-Ponies],littlestrongheart,7,147316,1320594512
Lotus,[Supporting Ponies,Mares,Earth Ponies],lotus,5,37629,1320594512
Lyra,[Supporting Ponies,Mares,Unicorns],lyra,11,247523,1320594512
Mayor Mare,[Supporting Ponies,Mares,Earth Ponies],mayormare,5,45748,1320594512
Mrs. Sparkle,[supporting ponies,mares,unicorns],mrssparkle,5,42290,1320594512
Nightmare Moon,[Supporting Ponies,Mares,Alicorns],nightmaremoon,5,296956,1320594512
Nurse Redheart,[supporting ponies,mares,earth ponies],nurseredheart,5,64262,1320594512
Octavia,[Supporting Ponies,Mares,Earth Ponies],octavia,6,67591,1320594512
Opalescence,[pets],opalescence,7,37366,1320594512
Parasprite,[Pets],parasprite,8,27670,1320594512
Photo Finish,[supporting ponies,mares,earth ponies],photofinish,10,164430,1320594512
Pinkamina,[main ponies,mares,earth ponies,alternate art],pinkaminadianepie,9,105396,1320594512
Gala Pinkie,[main ponies,mares,earth ponies,alternate art],pinkiegala,11,221361,1320594512
Pinkie Pie,[main ponies,mares,earth ponies],pinkiepie,121,3226577,1320594512
Pokey Pierce,[Supporting Ponies,Stallions,Unicorns],pokeypierce,5,40491,1320594512
Filly Celestia,[Supporting Ponies,Alicorns,Fillies],princesscelestia,11,265078,1320594512
Princess Luna,[supporting ponies,mares,alicorns],princessluna,16,207208,1320594512
Rainbow Dash,[main ponies,mares,pegasi],rainbowdash,27,662860,1320594512
Raindrops,[supporting ponies,mares,pegasi],raindrops,17,482076,1320594512
Random Pony,[],randompony,2,12674,1320594512
Rarity,[main ponies,mares,unicorns],rarity,11,106764,1320594512
Roseluck,[Supporting Ponies,Mares,Earth Ponies],roseluck,5,46226,1320594512
Royal Guard,[Stallions,Pegasi,Supporting Ponies],royalguard,8,84715,1320594512
Sapphire Shores,[supporting ponies,mares,earth ponies],sapphireshore,7,202334,1320594512
Scootaloo,[Supporting Ponies,Fillies,Pegasi],scootaloo,9,70703,1320594512
Screwball,[Supporting Ponies,Mares,Non-Ponies],screwball,3,20154,1320594512
Shadowbolt,[Supporting Ponies,Pegasi],shadowbolt,7,140210,1320594512
Sheriff Silverstar,[Supporting Ponies,Stallions,Earth Ponies],sheriffsilverstar,5,41031,1320594512
Silver Spoon,[supporting ponies,fillies,earth ponies],silverspoon,7,63971,1320594512
Sindy,[Supporting Ponies,Mares,Earth Ponies],sindy,7,44129,1320594512
Sir Colton Vines,[Supporting Ponies,Stallions,Earth Ponies],sircoltonvines,7,41441,1320594512
Snails,[Supporting Ponies,Stallions,Unicorns],snails,5,33008,1320594512
Snips,[Supporting Ponies,Stallions,Unicorns],snips,5,24409,1320594512
Soarin',[Supporting Ponies,Stallions,Pegasi],soarin,9,84238,1320594512
Soigne Folio,[supporting ponies,mares,earth ponies],soignefolio,7,79127,1320594512
Spike,[supporting ponies,pets,non-ponies,alternate art],spike,11,45385,1320594512
Spitfire,[Supporting Ponies,Mares,Pegasi],spitfire,7,87429,1320594512
Stella,[supporting ponies,mares,earth ponies],stella,7,76425,1320594512
Sue Pie,[Supporting Ponies,Mares,Earth Ponies],suepie,5,40092,1320594512
Surprise,[mares,pegasi],surprise,15,222150,1320594512
Sweetie Belle,[Supporting Ponies,Fillies,Unicorns],sweetiebelle,11,57529,1320594512
Trixie,[Supporting Ponies,Mares,Unicorns],trixie,11,327451,1320594512
Capeless Trixie,[Supporting Ponies,Mares,Unicorns,Alternate Art],trixiecapeless,5,106091,1320594512
Twilight Sparkle,[main ponies,mares,unicorns],twilight,15,242999,1320594512
Twist,[fillies,supporting ponies,earth ponies],twist,5,32512,1320594512
Winona,[pets],winona,5,42552,1320594512
Zecora,[mares,supporting ponies,non-ponies],zecora,9,112708,1320594512
fido,[non-ponies],zfido,12,203093,1320594512
Rover,[non-ponies],zrover,13,217963,1320594512
spot,[non-ponies],zspot,7,60905,1320594512