80's Cheerilee,[supporting ponies,alternate art,mares,earth ponies],80scheerilee,6,79439,1327329521
Aloe,[supporting ponies,mares,earth ponies],aloe,6,43461,1327329521
Angel,[pets],angel,8,10638,1327329521
Apple Bloom,[supporting ponies,fillies,earth ponies],applebloom,12,201142,1327329521
Apple Bumpkin,[supporting ponies,mares,earth ponies],applebumpkin,8,75670,1327329521
Apple Fritter,[supporting ponies,mares,earth ponies],applefritter,4,37992,1327329521
Applejack,[main ponies,mares,earth ponies],applejack,19,318702,1327329521
Berry Punch (OPPP),[supporting ponies,mares,earth ponies],berrypunchoppp,8,43929,1327329521
Princess Celestia,[supporting ponies,mares,alicorns],bigcelestia,10,866285,1327329521
Big Mac,[supporting ponies,stallions,earth ponies],bigmac,10,146690,1327329521
Blinkie Pie,[supporting ponies,fillies,earth ponies],blinkiepie,7,41895,1327329521
Blues,[supporting ponies,stallions,earth ponies],blues,10,84649,1327329521
Bon-Bon,[supporting ponies,mares,earth ponies],bonbon,12,270640,1327329521
Braeburn,[supporting ponies,stallions,earth ponies],braeburn,6,55356,1327329521
Caesar,[supporting ponies,stallions,earth ponies],caesar,6,57888,1327329521
Candy Mane,[supporting ponies,mares,earth ponies],candymane,8,42862,1327329521
Caramel,[stallions,earth ponies,supporting ponies],caramel,10,243818,1327329521
Carrot Top,[supporting ponies,mares,earth ponies],carrottop,14,186445,1327329521
Cheerilee,[supporting ponies,mares,earth ponies],cheerilee,6,66056,1327329521
Clyde Pie,[stallions,supporting ponies,earth ponies],clydepie,6,55507,1327329521
Colgate,[supporting ponies,mares,unicorns],colgate,14,68320,1327329521
Daisy,[supporting ponies,mares,earth ponies],daisy,8,59647,1327329521
Davenport,[supporting ponies,stallions,earth ponies],davenport,6,46386,1327329521
Derpy Hooves,[pegasi,mares,supporting ponies],derpy,36,436837,1327329521
Diamond Tiara,[supporting ponies,fillies,earth ponies],diamondtiara,8,87750,1327329521
Dinky Hooves,[supporting ponies,fillies,unicorns],dinkyhooves,8,37812,1327329521
Doctor Whooves,[earth ponies,stallions,supporting ponies],doctorwhooves,13,57538,1327329521
Elsie,[supporting ponies,earth ponies,mares],elsie,16,199575,1327329521
Fancypants,[supporting ponies,unicorns,stallions],fancypants,10,126460,1327329521
Filly AppleJack,[main ponies,fillies,earth ponies],fillyapplejack,8,77037,1327329521
Filly Celestia (Pink),[supporting ponies,fillies,alicorns],fillycelestia,12,76987,1327329521
Filly Fluttershy,[main ponies,fillies,pegasi],fillyfluttershy,14,95887,1327329521
Filly Pinkie Pie,[fillies,earth ponies,main ponies],fillypinkie,12,100999,1327329521
Filly Princess Luna,[supporting ponies,mares,alicorns],fillyprincessluna,12,77760,1327329521
Filly Rainbow Dash,[main ponies,fillies,pegasi],fillyrainbowdash,20,301560,1327329521
Filly Rarity,[main ponies,fillies,unicorns],fillyrarity,18,143894,1327329521
Filly Twilight Sparkle,[main ponies,fillies,unicorns],fillytwilight,8,67029,1327329521
Fleur de lis,[supporting ponies,mares,unicorns],fleurdelis,12,120468,1327329521
Fluttershy,[main ponies,pegasi,mares],fluttershy,18,277556,1327329521
Gala Fluttershy,[pegasi,main ponies,mares,alternate art],galafluttershy,18,341427,1327329521
Gilda,[supporting ponies,mares,non-ponies],gilda,16,266266,1327329521
Granny Smith,[supporting ponies,mares,earth ponies],grannysmith,10,50546,1327329521
Gummy,[pets],gummy,11,106947,1327329521
Hoity-Toity,[supporting ponies,stallions,earth ponies],hoitytoity,12,255191,1327329521
Horte Cuisine,[supporting ponies,stallions,earth ponies],hortecuisine,6,69157,1327329521
Inky Pie,[fillies,earth ponies,supporting ponies],inkypie,8,87992,1327329521
Lightning Bolt,[supporting ponies,mares,pegasi],lightningbolt,12,364424,1327329521
Little Strongheart,[supporting ponies,mares,non-ponies],littlestrongheart,8,171350,1327329521
Lotus,[supporting ponies,mares,earth ponies],lotus,6,40332,1327329521
Lyra,[supporting ponies,mares,unicorns],lyra,12,253781,1327329521
Mayor Mare,[supporting ponies,mares,earth ponies],mayormare,6,53711,1327329521
Mrs. Cake,[supporting ponies,mares,earth ponies],mrscake,6,87668,1327329521
Mrs. Sparkle,[supporting ponies,mares,unicorns],mrssparkle,8,45256,1327329521
Mysterious Mare Do Well,[supporting ponies,mares],mysteriousmaredowell,6,54875,1327329521
Nightmare Moon,[supporting ponies,mares,alicorns],nightmaremoon,6,310543,1327329521
Nurse Redheart,[supporting ponies,mares,earth ponies],nurseredheart,6,71052,1327329521
Octavia,[supporting ponies,mares,earth ponies],octavia,7,66056,1327329521
Opalescence,[pets],opalescence,8,42525,1327329521
Parasprite,[pets],parasprite,9,39342,1327329521
philomena,[pets,non-ponies],philomena,22,443914,1327329521
Photo Finish,[supporting ponies,mares,earth ponies],photofinish,14,297780,1327329521
Pinkamina,[main ponies,mares,earth ponies,alternate art],pinkaminadianepie,10,112374,1327329521
Gala Pinkie,[main ponies,mares,earth ponies,alternate art],pinkiegala,12,237414,1327329521
Pinkie Pie,[main ponies,mares,earth ponies],pinkiepie,169,4939084,1327329521
Pipsqueak,[supporting ponies,fillies,earth ponies,stallions],pipsqueak,6,42622,1327329521
Pokey Pierce,[supporting ponies,stallions,unicorns],pokeypierce,6,51281,1327329521
Filly Celestia,[supporting ponies,alicorns,fillies],princesscelestia,12,297804,1327329521
Princess Luna,[supporting ponies,mares,alicorns],princessluna,17,217538,1327329521
Princess Luna (Season 2),[supporting ponies,mares,alicorns],princesslunaseason2,10,413175,1327329521
Rainbow Dash,[main ponies,mares,pegasi],rainbowdash,41,859529,1327329521
Raindrops,[supporting ponies,mares,pegasi],raindrops,20,406680,1327329521
Rarity,[main ponies,mares,unicorns],rarity,18,519413,1327329521
Roseluck,[supporting ponies,mares,earth ponies],roseluck,6,49903,1327329521
Royal Guard,[stallions,pegasi,supporting ponies],royalguard,9,91322,1327329521
Royal Night Guard,[stallions,pegasi,supporting ponies],royalnightguard,9,147271,1327329521
Sapphire Shores,[supporting ponies,mares,earth ponies],sapphireshore,8,235520,1327329521
Scootaloo,[supporting ponies,fillies,pegasi],scootaloo,10,67120,1327329521
Screwball,[supporting ponies,mares],screwball,4,22526,1327329521
Shadowbolt,[supporting ponies,pegasi],shadowbolt,9,165135,1327329521
Sheriff Silverstar,[supporting ponies,stallions,earth ponies],sheriffsilverstar,6,50371,1327329521
Silver Spoon,[supporting ponies,fillies,earth ponies],silverspoon,8,79520,1327329521
Sindy,[supporting ponies,mares,earth ponies],sindy,8,53697,1327329521
Sir Colton Vines,[supporting ponies,stallions,earth ponies],sircoltonvines,8,54935,1327329521
Snails,[supporting ponies,colts,unicorns],snails,6,42091,1327329521
Snips,[supporting ponies,colts,unicorns],snips,6,30524,1327329521
Soarin',[supporting ponies,stallions,pegasi],soarin,10,100815,1327329521
Soigne Folio,[supporting ponies,mares,earth ponies],soignefolio,8,93906,1327329521
Spike,[supporting ponies,pets,non-ponies],spike,13,62799,1327329521
Spitfire,[supporting ponies,mares,pegasi],spitfire,13,182093,1327329521
Suitless Spitfire,[supporting ponies,alternate art,mares,pegasi],spitfiresuitless,8,77896,1327329521
Stella,[supporting ponies,mares,earth ponies],stella,8,88730,1327329521
Vinyl Scratch,[supporting ponies,mares,unicorns],strobeeffectdjpon3,36,366580,1327329521
Sue Pie,[supporting ponies,mares,earth ponies],suepie,8,97215,1327329521
Surprise,[mares,pegasi],surprise,16,228521,1327329521
Sweetie Belle,[supporting ponies,fillies,unicorns],sweetiebelle,16,79483,1327329521
Tank,[pets,non-ponies],tank,4,44145,1327329521
Trixie,[supporting ponies,mares,unicorns],trixie,13,342013,1327329521
Capeless Trixie,[supporting ponies,mares,unicorns,alternate art],trixiecapeless,8,161997,1327329521
Twilight Sparkle,[main ponies,mares,unicorns],twilight,32,1078099,1327329521
Twist,[fillies,supporting ponies,earth ponies],twist,6,60442,1327329521
Uncle Orange,[supporting ponies,stallions,earth ponies],uncleorange,6,45246,1327329521
Winona,[pets],winona,6,42467,1327329521
Zecora,[mares,supporting ponies,non-ponies],zecora,11,112519,1327329521
Fido,[non-ponies],zfido,13,218064,1327329521
Rover,[non-ponies],zrover,14,248270,1327329521
Spot,[non-ponies],zspot,8,69403,1327329521